// Jest Snapshot v1, https://goo.gl/fbAQLP

exports[`cart-product renders as expected 1`] = `
ShallowWrapper {
  "length": 1,
  Symbol(enzyme.__root__): [Circular],
  Symbol(enzyme.__unrendered__): <CartProduct
    onRemoveClick={[Function]}
    product={
        Object {
            "discount": 50,
            "img": "oddworld.png",
            "price": Object {
              "currency": "USD",
              "minorUnits": 100,
              "value": 999,
            },
            "title": "ODDWORLD: STRANGER'S WRATH",
          }
    }
/>,
  Symbol(enzyme.__renderer__): Object {
    "batchedUpdates": [Function],
    "getNode": [Function],
    "render": [Function],
    "simulateEvent": [Function],
    "unmount": [Function],
  },
  Symbol(enzyme.__node__): Object {
    "instance": null,
    "key": undefined,
    "nodeType": "host",
    "props": Object {
      "children": Array [
        <img
          alt="ODDWORLD: STRANGER'S WRATH"
          className="product__img"
          src="oddworld.png"
/>,
        <div
          className="product__info"
>
          <h4
                    className="product__info__game-title"
          >
                    ODDWORLD: STRANGER'S WRATH
          </h4>
          <button
                    className="product__info__btn"
                    onClick={[Function]}
          >
                    Remove
          </button>
</div>,
        <h6
          className="product__price"
>
          9.99
</h6>,
      ],
      "className": "cart__product",
    },
    "ref": null,
    "rendered": Array [
      Object {
        "instance": null,
        "key": undefined,
        "nodeType": "host",
        "props": Object {
          "alt": "ODDWORLD: STRANGER'S WRATH",
          "className": "product__img",
          "src": "oddworld.png",
        },
        "ref": null,
        "rendered": null,
        "type": "img",
      },
      Object {
        "instance": null,
        "key": undefined,
        "nodeType": "host",
        "props": Object {
          "children": Array [
            <h4
              className="product__info__game-title"
>
              ODDWORLD: STRANGER'S WRATH
</h4>,
            <button
              className="product__info__btn"
              onClick={[Function]}
>
              Remove
</button>,
          ],
          "className": "product__info",
        },
        "ref": null,
        "rendered": Array [
          Object {
            "instance": null,
            "key": undefined,
            "nodeType": "host",
            "props": Object {
              "children": "ODDWORLD: STRANGER'S WRATH",
              "className": "product__info__game-title",
            },
            "ref": null,
            "rendered": "ODDWORLD: STRANGER'S WRATH",
            "type": "h4",
          },
          Object {
            "instance": null,
            "key": undefined,
            "nodeType": "host",
            "props": Object {
              "children": "Remove",
              "className": "product__info__btn",
              "onClick": [Function],
            },
            "ref": null,
            "rendered": "Remove",
            "type": "button",
          },
        ],
        "type": "div",
      },
      Object {
        "instance": null,
        "key": undefined,
        "nodeType": "host",
        "props": Object {
          "children": 9.99,
          "className": "product__price",
        },
        "ref": null,
        "rendered": 9.99,
        "type": "h6",
      },
    ],
    "type": "div",
  },
  Symbol(enzyme.__nodes__): Array [
    Object {
      "instance": null,
      "key": undefined,
      "nodeType": "host",
      "props": Object {
        "children": Array [
          <img
            alt="ODDWORLD: STRANGER'S WRATH"
            className="product__img"
            src="oddworld.png"
/>,
          <div
            className="product__info"
>
            <h4
                        className="product__info__game-title"
            >
                        ODDWORLD: STRANGER'S WRATH
            </h4>
            <button
                        className="product__info__btn"
                        onClick={[Function]}
            >
                        Remove
            </button>
</div>,
          <h6
            className="product__price"
>
            9.99
</h6>,
        ],
        "className": "cart__product",
      },
      "ref": null,
      "rendered": Array [
        Object {
          "instance": null,
          "key": undefined,
          "nodeType": "host",
          "props": Object {
            "alt": "ODDWORLD: STRANGER'S WRATH",
            "className": "product__img",
            "src": "oddworld.png",
          },
          "ref": null,
          "rendered": null,
          "type": "img",
        },
        Object {
          "instance": null,
          "key": undefined,
          "nodeType": "host",
          "props": Object {
            "children": Array [
              <h4
                className="product__info__game-title"
>
                ODDWORLD: STRANGER'S WRATH
</h4>,
              <button
                className="product__info__btn"
                onClick={[Function]}
>
                Remove
</button>,
            ],
            "className": "product__info",
          },
          "ref": null,
          "rendered": Array [
            Object {
              "instance": null,
              "key": undefined,
              "nodeType": "host",
              "props": Object {
                "children": "ODDWORLD: STRANGER'S WRATH",
                "className": "product__info__game-title",
              },
              "ref": null,
              "rendered": "ODDWORLD: STRANGER'S WRATH",
              "type": "h4",
            },
            Object {
              "instance": null,
              "key": undefined,
              "nodeType": "host",
              "props": Object {
                "children": "Remove",
                "className": "product__info__btn",
                "onClick": [Function],
              },
              "ref": null,
              "rendered": "Remove",
              "type": "button",
            },
          ],
          "type": "div",
        },
        Object {
          "instance": null,
          "key": undefined,
          "nodeType": "host",
          "props": Object {
            "children": 9.99,
            "className": "product__price",
          },
          "ref": null,
          "rendered": 9.99,
          "type": "h6",
        },
      ],
      "type": "div",
    },
  ],
  Symbol(enzyme.__options__): Object {
    "adapter": ReactSixteenAdapter {
      "options": Object {
        "enableComponentDidUpdateOnSetState": true,
      },
    },
  },
}
`;
